XV6_TEST_OUTPUT : mmap good
XV6_TEST_OUTPUT : strlen(r) = 12287
XV6_TEST_OUTPUT : Return val of strcmp 0
XV6_TEST_OUTPUT : value at the newly mapped anonymous memory region is correct.!!
XV6_TEST_OUTPUT : munmap good
