XV6_TEST_OUTPUT : file open suceeded
XV6_TEST_OUTPUT : First Read returned : 13
XV6_TEST_OUTPUT : file content : Hello World.!
XV6_TEST_OUTPUT : file close suceeded
XV6_TEST_OUTPUT : file open suceeded
XV6_TEST_OUTPUT : mmap suceeded
XV6_TEST_OUTPUT : file close suceeded
XV6_TEST_OUTPUT : File content from mmap: Hello World.!
XV6_TEST_OUTPUT : Return val of strcmp 0
XV6_TEST_OUTPUT : File content and memory mapped content are Same.
XV6_TEST_OUTPUT : munmap suceeded
