XV6_TEST_OUTPUT : file content now : < Hello World.! >
XV6_TEST_OUTPUT : file open suceeded
XV6_TEST_OUTPUT : mmap suceeded
XV6_TEST_OUTPUT : Before mysnc, content in mmap-ed region: Hello World.!
XV6_TEST_OUTPUT : msync return val : 0
XV6_TEST_OUTPUT : After mysnc, content in the mmap-ed region : This is overwritten content.!
XV6_TEST_OUTPUT : file content now : < This is overwritten content.! >
XV6_TEST_OUTPUT : munmap suceeded
XV6_TEST_OUTPUT : file close suceeded
